{
  "AWSTemplateFormatVersion": "2010-09-09",
  "Resources": {
    "S3Bucket": {
      "Type": "AWS::S3::Bucket",
      "Properties": {
        "AccessControl": "PublicRead",
        "WebsiteConfiguration": {
          "IndexDocument": "index.html",
          "ErrorDocument": "error.html"
        },
        "Tags": [
          {
            "Key": "old_tag",
            "Value": "old_value"
          },
          {
            "Key": "new_tag",
            "Value": "new_value"
          },
          {
            "Key": "another_tag",
            "Value": "another_val"
          },
          {
            "Key": "yor_trace",
            "Value": "80243750-670d-439a-8138-74e1228c3f6a"
          }
        ]
      },
      "DeletionPolicy": "Retain"
    }
  }
}